2026-06-30 21:29:32,114 | bronze_pipeline | INFO | [production] Starting ingestion
2026-06-30 21:29:38,064 | bronze_pipeline | ERROR | [production] Failed: No preparer registered for table: 'bronze.production'. Available: ['bronze.rainfall']
2026-06-30 21:29:48,804 | bronze_pipeline | INFO | [rainfall] Starting ingestion
2026-06-30 21:31:12,316 | bronze_pipeline | INFO | [production] Starting ingestion
2026-06-30 21:31:17,936 | bronze_pipeline | ERROR | [production] Failed: No preparer registered for table: 'bronze.production'. Available: ['bronze.rainfall']
2026-06-30 21:31:23,394 | bronze_pipeline | INFO | [production] Starting ingestion
2026-06-30 21:31:24,046 | bronze_pipeline | INFO | [production] Starting ingestion
2026-06-30 21:31:28,721 | bronze_pipeline | INFO | [rainfall] Starting ingestion
2026-06-30 21:31:29,171 | bronze_pipeline | ERROR | [production] Failed: No preparer registered for table: 'bronze.production'. Available: ['bronze.rainfall']
2026-06-30 21:31:29,786 | bronze_pipeline | ERROR | [production] Failed: No preparer registered for table: 'bronze.production'. Available: ['bronze.rainfall']
2026-06-30 21:31:40,136 | bronze_pipeline | INFO | [rainfall] Starting ingestion
2026-06-30 21:31:40,744 | bronze_pipeline | INFO | [rainfall] Starting ingestion
2026-06-30 21:31:59,372 | bronze_pipeline | ERROR | [rainfall] Failed: 'Logger' object has no attribute 'i'
2026-06-30 21:32:10,361 | bronze_pipeline | INFO | [temperature] Starting ingestion
2026-06-30 21:32:14,093 | bronze_pipeline | ERROR | [rainfall] Failed: 'Logger' object has no attribute 'i'
2026-06-30 21:32:14,187 | bronze_pipeline | ERROR | [rainfall] Failed: 'Logger' object has no attribute 'i'
2026-06-30 21:32:16,084 | bronze_pipeline | ERROR | [temperature] Failed: No preparer registered for table: 'bronze.temperature'. Available: ['bronze.rainfall']
2026-06-30 21:32:24,887 | bronze_pipeline | INFO | [temperature] Starting ingestion
2026-06-30 21:32:25,031 | bronze_pipeline | INFO | [temperature] Starting ingestion
2026-06-30 21:32:26,813 | bronze_pipeline | INFO | [production_coded] Starting ingestion
2026-06-30 21:32:30,383 | bronze_pipeline | ERROR | [temperature] Failed: No preparer registered for table: 'bronze.temperature'. Available: ['bronze.rainfall']
2026-06-30 21:32:30,667 | bronze_pipeline | ERROR | [temperature] Failed: No preparer registered for table: 'bronze.temperature'. Available: ['bronze.rainfall']
2026-06-30 21:32:32,485 | bronze_pipeline | ERROR | [production_coded] Failed: No preparer registered for table: 'bronze.production_coded'. Available: ['bronze.rainfall']
2026-06-30 21:32:41,548 | bronze_pipeline | INFO | [production_coded] Starting ingestion
2026-06-30 21:32:41,593 | bronze_pipeline | INFO | [production_coded] Starting ingestion
2026-06-30 21:32:43,208 | bronze_pipeline | INFO | [crop_analytics] Starting ingestion
2026-06-30 21:32:47,213 | bronze_pipeline | ERROR | [production_coded] Failed: No preparer registered for table: 'bronze.production_coded'. Available: ['bronze.rainfall']
2026-06-30 21:32:47,351 | bronze_pipeline | ERROR | [production_coded] Failed: No preparer registered for table: 'bronze.production_coded'. Available: ['bronze.rainfall']
2026-06-30 21:32:48,826 | bronze_pipeline | ERROR | [crop_analytics] Failed: No preparer registered for table: 'bronze.crop_analytics'. Available: ['bronze.rainfall']
2026-06-30 21:32:58,089 | bronze_pipeline | INFO | [crop_analytics] Starting ingestion
2026-06-30 21:32:58,371 | bronze_pipeline | INFO | [crop_analytics] Starting ingestion
2026-06-30 21:33:03,593 | bronze_pipeline | ERROR | [crop_analytics] Failed: No preparer registered for table: 'bronze.crop_analytics'. Available: ['bronze.rainfall']
2026-06-30 21:33:04,067 | bronze_pipeline | ERROR | [crop_analytics] Failed: No preparer registered for table: 'bronze.crop_analytics'. Available: ['bronze.rainfall']
2026-06-30 21:35:55,979 | bronze_pipeline | INFO | [production] Starting ingestion
2026-06-30 21:36:01,696 | bronze_pipeline | ERROR | [production] Failed: No preparer registered for table: 'bronze.production'. Available: ['bronze.rainfall']
2026-06-30 21:36:13,071 | bronze_pipeline | INFO | [rainfall] Starting ingestion
2026-06-30 21:36:24,605 | bronze_pipeline | ERROR | [rainfall] Failed: 'Logger' object has no attribute 'i'
2026-06-30 21:36:35,473 | bronze_pipeline | INFO | [temperature] Starting ingestion
2026-06-30 21:36:41,403 | bronze_pipeline | ERROR | [temperature] Failed: No preparer registered for table: 'bronze.temperature'. Available: ['bronze.rainfall']
2026-06-30 21:36:52,856 | bronze_pipeline | INFO | [production_coded] Starting ingestion
2026-06-30 21:36:58,583 | bronze_pipeline | ERROR | [production_coded] Failed: No preparer registered for table: 'bronze.production_coded'. Available: ['bronze.rainfall']
2026-06-30 21:37:09,573 | bronze_pipeline | INFO | [crop_analytics] Starting ingestion
2026-06-30 21:37:15,351 | bronze_pipeline | ERROR | [crop_analytics] Failed: No preparer registered for table: 'bronze.crop_analytics'. Available: ['bronze.rainfall']
2026-06-30 21:53:06,885 | bronze_pipeline | INFO | [production] Starting ingestion
2026-06-30 21:53:18,318 | bronze_pipeline | INFO | [production] Done — 4349 rows inserted in 10.22s
2026-06-30 21:53:18,319 | bronze_pipeline | INFO | [rainfall] Starting ingestion
2026-06-30 21:53:22,639 | bronze_pipeline | INFO | [rainfall] Done — 19 rows inserted in 3.12s
2026-06-30 21:53:22,639 | bronze_pipeline | INFO | [temperature] Starting ingestion
2026-06-30 21:53:53,740 | bronze_pipeline | INFO | [temperature] Done — 27 rows inserted in 29.95s
2026-06-30 21:53:53,740 | bronze_pipeline | INFO | [production_coded] Starting ingestion
2026-06-30 21:54:00,904 | bronze_pipeline | INFO | [production_coded] Done — 51 rows inserted in 6.01s
2026-06-30 21:54:00,904 | bronze_pipeline | INFO | [crop_analytics] Starting ingestion
2026-06-30 21:54:07,693 | bronze_pipeline | INFO | [crop_analytics] Done — 16 rows inserted in 5.64s
2026-06-30 21:58:01,760 | bronze_pipeline | INFO | [production] Starting ingestion
2026-06-30 21:58:11,709 | bronze_pipeline | INFO | [production] Done — 4349 rows inserted in 8.77s
2026-06-30 21:58:11,709 | bronze_pipeline | INFO | [rainfall] Starting ingestion
2026-06-30 21:58:14,742 | bronze_pipeline | ERROR | [rainfall] Failed after 3.03s: invalid input syntax for type numeric: ".."
CONTEXT:  COPY rainfall, line 404, column average_rain_fall_mm_per_year: ".."

2026-06-30 21:58:15,910 | bronze_pipeline | INFO | [temperature] Starting ingestion
2026-06-30 21:58:24,222 | bronze_pipeline | INFO | [temperature] Done — 71311 rows inserted in 7.14s
2026-06-30 21:58:24,222 | bronze_pipeline | INFO | [production_coded] Starting ingestion
2026-06-30 21:58:32,517 | bronze_pipeline | INFO | [production_coded] Done — 56717 rows inserted in 7.13s
2026-06-30 21:58:32,517 | bronze_pipeline | INFO | [crop_analytics] Starting ingestion
2026-06-30 21:58:38,339 | bronze_pipeline | INFO | [crop_analytics] Done — 28242 rows inserted in 4.65s
2026-06-30 22:01:23,290 | bronze_pipeline | INFO | [production] Starting ingestion
2026-06-30 22:01:29,000 | bronze_pipeline | ERROR | [production] Failed after 5.71s: No preparer registered for table: 'bronze.production'. Available: ['bronze.rainfall']
2026-06-30 22:01:30,152 | bronze_pipeline | INFO | [rainfall] Starting ingestion
2026-06-30 22:01:31,607 | bronze_pipeline | ERROR | [rainfall] Failed after 1.45s: 'Area'
2026-06-30 22:01:32,755 | bronze_pipeline | INFO | [temperature] Starting ingestion
2026-06-30 22:01:34,211 | bronze_pipeline | ERROR | [temperature] Failed after 1.46s: No preparer registered for table: 'bronze.temperature'. Available: ['bronze.rainfall']
2026-06-30 22:01:35,355 | bronze_pipeline | INFO | [production_coded] Starting ingestion
2026-06-30 22:01:36,862 | bronze_pipeline | ERROR | [production_coded] Failed after 1.51s: No preparer registered for table: 'bronze.production_coded'. Available: ['bronze.rainfall']
2026-06-30 22:01:38,004 | bronze_pipeline | INFO | [crop_analytics] Starting ingestion
2026-06-30 22:01:39,467 | bronze_pipeline | ERROR | [crop_analytics] Failed after 1.46s: No preparer registered for table: 'bronze.crop_analytics'. Available: ['bronze.rainfall']
2026-06-30 22:11:47,830 | bronze_pipeline | INFO | [production] Starting ingestion
2026-06-30 22:11:53,560 | bronze_pipeline | ERROR | [production] Failed after 5.73s: No preparer registered for table: 'bronze.production'. Available: ['bronze.rainfall']
2026-06-30 22:11:54,752 | bronze_pipeline | INFO | [rainfall] Starting ingestion
2026-06-30 22:11:56,206 | bronze_pipeline | ERROR | [rainfall] Failed after 1.45s: 'Area'
2026-06-30 22:11:57,352 | bronze_pipeline | INFO | [temperature] Starting ingestion
2026-06-30 22:11:58,811 | bronze_pipeline | ERROR | [temperature] Failed after 1.46s: No preparer registered for table: 'bronze.temperature'. Available: ['bronze.rainfall']
2026-06-30 22:11:59,966 | bronze_pipeline | INFO | [production_coded] Starting ingestion
2026-06-30 22:12:01,477 | bronze_pipeline | ERROR | [production_coded] Failed after 1.51s: No preparer registered for table: 'bronze.production_coded'. Available: ['bronze.rainfall']
2026-06-30 22:12:02,660 | bronze_pipeline | INFO | [crop_analytics] Starting ingestion
2026-06-30 22:12:04,118 | bronze_pipeline | ERROR | [crop_analytics] Failed after 1.46s: No preparer registered for table: 'bronze.crop_analytics'. Available: ['bronze.rainfall']
2026-06-30 22:18:38,361 | bronze_pipeline | INFO | [production] Starting ingestion
2026-06-30 22:18:45,216 | bronze_pipeline | ERROR | [production] Failed after 6.85s: No preparer registered for table: 'bronze.production'. Available: ['bronze.rainfall']
2026-06-30 22:18:46,434 | bronze_pipeline | INFO | [rainfall] Starting ingestion
2026-06-30 22:18:52,416 | bronze_pipeline | INFO | [rainfall] Done — 6727 rows inserted in 4.77s
2026-06-30 22:18:52,416 | bronze_pipeline | INFO | [temperature] Starting ingestion
2026-06-30 22:18:53,953 | bronze_pipeline | ERROR | [temperature] Failed after 1.54s: No preparer registered for table: 'bronze.temperature'. Available: ['bronze.rainfall']
2026-06-30 22:18:55,166 | bronze_pipeline | INFO | [production_coded] Starting ingestion
2026-06-30 22:18:56,745 | bronze_pipeline | ERROR | [production_coded] Failed after 1.58s: No preparer registered for table: 'bronze.production_coded'. Available: ['bronze.rainfall']
2026-06-30 22:18:57,961 | bronze_pipeline | INFO | [crop_analytics] Starting ingestion
2026-06-30 22:18:59,499 | bronze_pipeline | ERROR | [crop_analytics] Failed after 1.54s: No preparer registered for table: 'bronze.crop_analytics'. Available: ['bronze.rainfall']
2026-06-30 22:19:50,649 | bronze_pipeline | INFO | [production] Starting ingestion
2026-06-30 22:19:56,281 | bronze_pipeline | ERROR | [production] Failed after 5.63s: No preparer registered for table: 'bronze.production'. Available: ['bronze.rainfall']
2026-06-30 22:19:57,511 | bronze_pipeline | INFO | [rainfall] Starting ingestion
2026-06-30 22:20:02,077 | bronze_pipeline | ERROR | [rainfall] Failed after 4.57s: invalid input syntax for type numeric: ".."
CONTEXT:  COPY rainfall, line 404, column average_rain_fall_mm_per_year: ".."

2026-06-30 22:20:03,234 | bronze_pipeline | INFO | [temperature] Starting ingestion
2026-06-30 22:20:04,706 | bronze_pipeline | ERROR | [temperature] Failed after 1.47s: No preparer registered for table: 'bronze.temperature'. Available: ['bronze.rainfall']
2026-06-30 22:20:05,859 | bronze_pipeline | INFO | [production_coded] Starting ingestion
2026-06-30 22:20:07,368 | bronze_pipeline | ERROR | [production_coded] Failed after 1.51s: No preparer registered for table: 'bronze.production_coded'. Available: ['bronze.rainfall']
2026-06-30 22:20:08,522 | bronze_pipeline | INFO | [crop_analytics] Starting ingestion
2026-06-30 22:20:09,999 | bronze_pipeline | ERROR | [crop_analytics] Failed after 1.48s: No preparer registered for table: 'bronze.crop_analytics'. Available: ['bronze.rainfall']
2026-06-30 22:23:46,466 | bronze_pipeline | INFO | [production] Starting ingestion
2026-06-30 22:23:52,671 | bronze_pipeline | ERROR | [production] Failed after 6.21s: No preparer registered for table: 'bronze.production'. Available: ['bronze.rainfall']
2026-06-30 22:23:53,945 | bronze_pipeline | INFO | [rainfall] Starting ingestion
2026-06-30 22:24:00,183 | bronze_pipeline | INFO | [rainfall] Done — 6727 rows inserted in 4.97s
2026-06-30 22:24:00,184 | bronze_pipeline | INFO | [temperature] Starting ingestion
2026-06-30 22:24:01,799 | bronze_pipeline | ERROR | [temperature] Failed after 1.62s: No preparer registered for table: 'bronze.temperature'. Available: ['bronze.rainfall']
2026-06-30 22:24:03,081 | bronze_pipeline | INFO | [production_coded] Starting ingestion
2026-06-30 22:24:04,744 | bronze_pipeline | ERROR | [production_coded] Failed after 1.66s: No preparer registered for table: 'bronze.production_coded'. Available: ['bronze.rainfall']
2026-06-30 22:24:06,017 | bronze_pipeline | INFO | [crop_analytics] Starting ingestion
2026-06-30 22:24:07,636 | bronze_pipeline | ERROR | [crop_analytics] Failed after 1.62s: No preparer registered for table: 'bronze.crop_analytics'. Available: ['bronze.rainfall']
2026-06-30 22:24:55,480 | bronze_pipeline | INFO | [production] Starting ingestion
2026-06-30 22:25:05,369 | bronze_pipeline | INFO | [production] Done — 4349 rows inserted in 8.73s
2026-06-30 22:25:05,369 | bronze_pipeline | INFO | [rainfall] Starting ingestion
2026-06-30 22:25:09,802 | bronze_pipeline | INFO | [rainfall] Done — 6727 rows inserted in 3.27s
2026-06-30 22:25:09,802 | bronze_pipeline | INFO | [temperature] Starting ingestion
2026-06-30 22:25:17,709 | bronze_pipeline | INFO | [temperature] Done — 71311 rows inserted in 6.75s
2026-06-30 22:25:17,709 | bronze_pipeline | INFO | [production_coded] Starting ingestion
2026-06-30 22:25:26,163 | bronze_pipeline | INFO | [production_coded] Done — 56717 rows inserted in 7.30s
2026-06-30 22:25:26,163 | bronze_pipeline | INFO | [crop_analytics] Starting ingestion
2026-06-30 22:25:31,837 | bronze_pipeline | INFO | [crop_analytics] Done — 28242 rows inserted in 4.51s
