2026-06-30 18:18:20,946 | bronze.loader | INFO | Table 'bronze.production' already exists.
2026-06-30 18:22:20,785 | bronze.loader | INFO | Table 'bronze.production' already exists.
2026-06-30 18:24:00,431 | bronze.loader | INFO | Table 'bronze.production' already exists.
2026-06-30 18:27:56,225 | bronze.loader | INFO | Table 'bronze.production' already exists.
2026-06-30 18:28:03,884 | bronze.loader | INFO | Table 'bronze.production' already exists.
2026-06-30 18:42:30,278 | bronze.loader | INFO | Table 'bronze.production' not found — running migration...
2026-06-30 18:42:33,266 | bronze.loader | INFO | Migration executed from: D:\Folder-for git upload\All Git Projects for ETL\Agricultural_Analytics_Platform\db\migrations\bronze_tables.sql
2026-06-30 18:42:35,066 | bronze.loader | INFO | Table 'bronze.production' created successfully.
2026-06-30 18:43:09,272 | bronze.loader | INFO | Table 'bronze.pipeline_run_log' already exists.
2026-06-30 18:43:20,461 | bronze.loader | INFO | Table 'bronze.rainfall' already exists.
2026-06-30 18:43:26,271 | bronze.loader | INFO | Table 'bronze.pipeline_run_log' already exists.
2026-06-30 18:43:37,492 | bronze.loader | INFO | Table 'bronze.temperature' already exists.
2026-06-30 18:58:09,724 | bronze.loader | INFO | Table 'bronze.production' already exists.
2026-06-30 18:58:15,464 | bronze.loader | INFO | Table 'bronze.pipeline_run_log' already exists.
2026-06-30 18:58:26,670 | bronze.loader | INFO | Table 'bronze.rainfall' already exists.
2026-06-30 18:58:32,304 | bronze.loader | INFO | Table 'bronze.pipeline_run_log' already exists.
2026-06-30 18:58:43,822 | bronze.loader | INFO | Table 'bronze.temperature' already exists.
2026-06-30 18:58:49,528 | bronze.loader | INFO | Table 'bronze.pipeline_run_log' already exists.
2026-06-30 18:59:00,819 | bronze.loader | INFO | Table 'bronze.production_coded' already exists.
2026-06-30 18:59:06,795 | bronze.loader | INFO | Table 'bronze.pipeline_run_log' already exists.
2026-06-30 18:59:18,018 | bronze.loader | INFO | Table 'bronze.crop_analytics' already exists.
2026-06-30 18:59:23,811 | bronze.loader | INFO | Table 'bronze.pipeline_run_log' already exists.
2026-06-30 19:01:59,359 | bronze.loader | INFO | Table 'bronze.production' already exists.
2026-06-30 19:02:25,899 | bronze.loader | INFO | Table 'bronze.pipeline_run_log' already exists.
2026-06-30 19:02:40,577 | bronze.loader | INFO | Table 'bronze.rainfall' already exists.
2026-06-30 19:03:01,747 | bronze.loader | INFO | Table 'bronze.pipeline_run_log' already exists.
2026-06-30 19:03:20,070 | bronze.loader | INFO | Table 'bronze.temperature' already exists.
2026-06-30 19:03:39,220 | bronze.loader | INFO | Table 'bronze.pipeline_run_log' already exists.
2026-06-30 19:03:55,990 | bronze.loader | INFO | Table 'bronze.production_coded' already exists.
2026-06-30 19:04:11,559 | bronze.loader | INFO | Table 'bronze.pipeline_run_log' already exists.
2026-06-30 19:04:38,790 | bronze.loader | INFO | Table 'bronze.crop_analytics' already exists.
2026-06-30 19:04:57,699 | bronze.loader | INFO | Table 'bronze.pipeline_run_log' already exists.
2026-06-30 19:07:01,135 | bronze.loader | INFO | Table 'bronze.production' already exists.
2026-06-30 19:07:26,521 | bronze.loader | INFO | Table 'bronze.pipeline_run_log' already exists.
2026-06-30 19:07:37,858 | bronze.loader | INFO | Table 'bronze.rainfall' already exists.
2026-06-30 19:08:03,048 | bronze.loader | INFO | Table 'bronze.pipeline_run_log' already exists.
2026-06-30 19:08:14,494 | bronze.loader | INFO | Table 'bronze.temperature' already exists.
2026-06-30 19:08:43,249 | bronze.loader | INFO | Table 'bronze.production' already exists.
2026-06-30 19:08:55,739 | bronze.loader | INFO | Table 'bronze.pipeline_run_log' already exists.
2026-06-30 19:09:07,025 | bronze.loader | INFO | Table 'bronze.rainfall' already exists.
2026-06-30 19:11:50,597 | bronze.loader | INFO | Table 'bronze.pipeline_run_log' already exists.
2026-06-30 19:12:01,858 | bronze.loader | INFO | Table 'bronze.temperature' already exists.
2026-06-30 19:12:07,435 | bronze.loader | INFO | Table 'bronze.pipeline_run_log' already exists.
2026-06-30 19:12:18,913 | bronze.loader | INFO | Table 'bronze.production_coded' already exists.
2026-06-30 19:12:36,134 | bronze.loader | INFO | Table 'bronze.production' already exists.
2026-06-30 19:12:41,935 | bronze.loader | INFO | Table 'bronze.pipeline_run_log' already exists.
2026-06-30 19:12:51,172 | bronze.loader | INFO | Table 'bronze.production' already exists.
2026-06-30 19:12:51,378 | bronze.loader | INFO | Table 'bronze.production' already exists.
2026-06-30 19:12:53,358 | bronze.loader | INFO | Table 'bronze.rainfall' already exists.
2026-06-30 19:12:56,966 | bronze.loader | INFO | Table 'bronze.pipeline_run_log' already exists.
2026-06-30 19:12:56,983 | bronze.loader | INFO | Table 'bronze.pipeline_run_log' already exists.
2026-06-30 19:13:02,030 | bronze.loader | INFO | Table 'bronze.pipeline_run_log' already exists.
2026-06-30 19:13:08,105 | bronze.loader | INFO | Table 'bronze.rainfall' already exists.
2026-06-30 19:13:08,214 | bronze.loader | INFO | Table 'bronze.rainfall' already exists.
2026-06-30 19:13:12,751 | bronze.loader | INFO | Table 'bronze.temperature' already exists.
2026-06-30 19:13:15,859 | bronze.loader | INFO | Table 'bronze.pipeline_run_log' already exists.
2026-06-30 19:13:17,921 | bronze.loader | INFO | Table 'bronze.pipeline_run_log' already exists.
2026-06-30 19:13:18,468 | bronze.loader | INFO | Table 'bronze.pipeline_run_log' already exists.
2026-06-30 19:13:26,903 | bronze.loader | INFO | Table 'bronze.temperature' already exists.
2026-06-30 19:13:28,967 | bronze.loader | INFO | Table 'bronze.temperature' already exists.
2026-06-30 19:13:29,497 | bronze.loader | INFO | Table 'bronze.production_coded' already exists.
2026-06-30 19:13:32,794 | bronze.loader | INFO | Table 'bronze.pipeline_run_log' already exists.
2026-06-30 19:13:34,527 | bronze.loader | INFO | Table 'bronze.pipeline_run_log' already exists.
2026-06-30 19:13:35,410 | bronze.loader | INFO | Table 'bronze.pipeline_run_log' already exists.
2026-06-30 19:13:44,489 | bronze.loader | INFO | Table 'bronze.production_coded' already exists.
2026-06-30 19:13:45,996 | bronze.loader | INFO | Table 'bronze.production_coded' already exists.
2026-06-30 19:13:47,091 | bronze.loader | INFO | Table 'bronze.crop_analytics' already exists.
2026-06-30 19:13:50,495 | bronze.loader | INFO | Table 'bronze.pipeline_run_log' already exists.
2026-06-30 19:13:51,780 | bronze.loader | INFO | Table 'bronze.pipeline_run_log' already exists.
2026-06-30 19:13:52,676 | bronze.loader | INFO | Table 'bronze.pipeline_run_log' already exists.
2026-06-30 19:14:02,255 | bronze.loader | INFO | Table 'bronze.crop_analytics' already exists.
2026-06-30 19:14:03,006 | bronze.loader | INFO | Table 'bronze.crop_analytics' already exists.
2026-06-30 19:14:08,090 | bronze.loader | INFO | Table 'bronze.pipeline_run_log' already exists.
2026-06-30 19:14:08,555 | bronze.loader | INFO | Table 'bronze.pipeline_run_log' already exists.
2026-06-30 19:17:12,879 | bronze.loader | INFO | Table 'bronze.production' already exists.
2026-06-30 19:17:17,842 | bronze.loader | INFO | Table 'bronze.production' already exists.
2026-06-30 19:17:18,523 | bronze.loader | INFO | Table 'bronze.pipeline_run_log' already exists.
2026-06-30 19:17:23,877 | bronze.loader | INFO | Table 'bronze.pipeline_run_log' already exists.
2026-06-30 19:17:29,813 | bronze.loader | INFO | Table 'bronze.rainfall' already exists.
2026-06-30 19:17:35,258 | bronze.loader | INFO | Table 'bronze.rainfall' already exists.
2026-06-30 19:17:41,380 | bronze.loader | INFO | Table 'bronze.pipeline_run_log' already exists.
2026-06-30 19:17:44,303 | bronze.loader | INFO | Table 'bronze.pipeline_run_log' already exists.
2026-06-30 19:17:52,566 | bronze.loader | INFO | Table 'bronze.temperature' already exists.
2026-06-30 19:17:55,491 | bronze.loader | INFO | Table 'bronze.temperature' already exists.
2026-06-30 19:17:58,395 | bronze.loader | INFO | Table 'bronze.pipeline_run_log' already exists.
2026-06-30 19:18:01,335 | bronze.loader | INFO | Table 'bronze.pipeline_run_log' already exists.
2026-06-30 19:18:09,673 | bronze.loader | INFO | Table 'bronze.production_coded' already exists.
2026-06-30 19:18:12,526 | bronze.loader | INFO | Table 'bronze.production_coded' already exists.
2026-06-30 19:18:15,617 | bronze.loader | INFO | Table 'bronze.pipeline_run_log' already exists.
2026-06-30 19:18:18,225 | bronze.loader | INFO | Table 'bronze.pipeline_run_log' already exists.
2026-06-30 19:18:26,729 | bronze.loader | INFO | Table 'bronze.crop_analytics' already exists.
2026-06-30 19:18:29,598 | bronze.loader | INFO | Table 'bronze.crop_analytics' already exists.
2026-06-30 19:18:32,529 | bronze.loader | INFO | Table 'bronze.pipeline_run_log' already exists.
2026-06-30 19:18:35,364 | bronze.loader | INFO | Table 'bronze.pipeline_run_log' already exists.
2026-06-30 19:20:32,955 | bronze.loader | INFO | Table 'bronze.production' already exists.
2026-06-30 19:20:38,752 | bronze.loader | INFO | Table 'bronze.pipeline_run_log' already exists.
2026-06-30 19:20:50,275 | bronze.loader | INFO | Table 'bronze.rainfall' already exists.
2026-06-30 19:22:50,559 | bronze.loader | INFO | Table 'bronze.production' already exists.
2026-06-30 19:22:56,345 | bronze.loader | INFO | Table 'bronze.pipeline_run_log' already exists.
2026-06-30 19:23:07,699 | bronze.loader | INFO | Table 'bronze.rainfall' already exists.
2026-06-30 19:24:12,519 | bronze.loader | INFO | Table 'bronze.pipeline_run_log' already exists.
2026-06-30 19:24:23,933 | bronze.loader | INFO | Table 'bronze.temperature' already exists.
2026-06-30 19:24:29,722 | bronze.loader | INFO | Table 'bronze.pipeline_run_log' already exists.
2026-06-30 19:24:40,949 | bronze.loader | INFO | Table 'bronze.production_coded' already exists.
2026-06-30 19:24:46,431 | bronze.loader | INFO | Table 'bronze.pipeline_run_log' already exists.
2026-06-30 19:24:57,854 | bronze.loader | INFO | Table 'bronze.crop_analytics' already exists.
2026-06-30 19:25:03,605 | bronze.loader | INFO | Table 'bronze.pipeline_run_log' already exists.
